
> globle-campus@0.1.0 build
> next build

node.exe : [@serwist/next] WARNING: You are 
using '@serwist/next' with `next dev 
--turbopack`, but it doesn't support Turbopack. 
Do one of the following:
At line:1 char:1
+ & "C:\Program Files\nodejs/node.exe" 
"C:\Users\Harshil\AppData\Roamin ...
+ ~~~~~~~~~~~~~~~~~~~~~~~~~~~~~~~~~~~~~~~~~~~~~~~
~~~~~~~~~~~~~~~~~~~~~~
    + CategoryInfo          : NotSpecified:     
([@serwist/next]... the following::Strin    g) 
[], RemoteException
    + FullyQualifiedErrorId : NativeCommandE    
rror
 

- Set `disable` to `process.env.NODE_ENV !== 
"production"`.

- Use webpack by running `next dev --webpack` 
instead of `next dev --turbopack`.

- Migrate to '@serwist/turbopack' which has 
experimental support for Turbopack. See 
https://serwist.pages.dev/docs/next/turbo for 
more information.

- Migrate to configurator mode which has support 
for Turbopack. See 
https://serwist.pages.dev/docs/next/config for 
more information. 

Follow 
https://github.com/serwist/serwist/issues/54 for 
progress on Serwist + Turbopack. You can also 
suppress this warning by setting 
SERWIST_SUPPRESS_TURBOPACK_WARNING=1.

Γû▓ Next.js 16.1.6 (Turbopack)
- Environments: .env.local

  Creating an optimized production build ...

> Build error occurred
Error: Turbopack build failed with 4 errors:
./src/app/dashboard/blogs/[id]/BlogClient.jsx:7:1
Module not found: Can't resolve 
'../../../lib/supabaseClient'
[0m [90m  5 |[39m [36mimport[39m { 
useRouter } [36mfrom[39m 
[32m"next/navigation"[39m[33m;[39m
 [90m  6 |[39m [36mimport[39m [33mLink[39m 
[36mfrom[39m [32m"next/link"[39m[33m;[39m
[31m[1m>[22m[39m[90m  7 |[39m 
[36mimport[39m { supabase } [36mfrom[39m [32
m"../../../lib/supabaseClient"[39m[33m;[39m
 [90m    |[39m [31m[1m^[22m[39m[31m[1m^[
22m[39m[31m[1m^[22m[39m[31m[1m^[22m[39m
[31m[1m^[22m[39m[31m[1m^[22m[39m[31m[1m^
[22m[39m[31m[1m^[22m[39m[31m[1m^[22m[39
m[31m[1m^[22m[39m[31m[1m^[22m[39m[31m[1
m^[22m[39m[31m[1m^[22m[39m[31m[1m^[22m[
39m[31m[1m^[22m[39m[31m[1m^[22m[39m[31m
[1m^[22m[39m[31m[1m^[22m[39m[31m[1m^[22m
[39m[31m[1m^[22m[39m[31m[1m^[22m[39m[31
m[1m^[22m[39m[31m[1m^[22m[39m[31m[1m^[2
2m[39m[31m[1m^[22m[39m[31m[1m^[22m[39m[
31m[1m^[22m[39m[31m[1m^[22m[39m[31m[1m^
[22m[39m[31m[1m^[22m[39m[31m[1m^[22m[39m
[31m[1m^[22m[39m[31m[1m^[22m[39m[31m[1m
^[22m[39m[31m[1m^[22m[39m[31m[1m^[22m[3
9m[31m[1m^[22m[39m[31m[1m^[22m[39m[31m[
1m^[22m[39m[31m[1m^[22m[39m[31m[1m^[22m
[39m[31m[1m^[22m[39m[31m[1m^[22m[39m[31m
[1m^[22m[39m[31m[1m^[22m[39m[31m[1m^[22
m[39m[31m[1m^[22m[39m[31m[1m^[22m[39m[3
1m[1m^[22m[39m[31m[1m^[22m[39m[31m[1m^[
22m[39m[31m[1m^[22m[39m[31m[1m^[22m[39m
[31m[1m^[22m[39m[31m[1m^[22m[39m
 [90m  8 |[39m [36mimport[39m styles 
[36mfrom[39m 
[32m"./BlogDetail.module.css"[39m[33m;[39m
 [90m  9 |[39m [36mexport[39m 
[36mdefault[39m [36mfunction[39m 
[33mBlogClient[39m(t0) {
 [90m 10 |[39m   [36mconst[39m $ [33m=[39m 
_c([35m51[39m)[33m;[39m[0m



Import trace:
  Server Component:
    ./src/app/dashboard/blogs/[id]/BlogClient.jsx
    ./src/app/dashboard/blogs/[id]/page.jsx

https://nextjs.org/docs/messages/module-not-found


./src/app/dashboard/blogs/[id]/BlogClient.jsx:5:1
Module not found: Can't resolve 
'../../../lib/supabaseClient'
[0m [90m 3 |[39m [36mimport[39m { useRouter 
} [36mfrom[39m 
[32m"next/navigation"[39m[33m;[39m
 [90m 4 |[39m [36mimport[39m [33mLink[39m 
[36mfrom[39m [32m"next/link"[39m[33m;[39m
[31m[1m>[22m[39m[90m 5 |[39m 
[36mimport[39m { supabase } [36mfrom[39m [32
m"../../../lib/supabaseClient"[39m[33m;[39m
 [90m   |[39m [31m[1m^[22m[39m[31m[1m^[2
2m[39m[31m[1m^[22m[39m[31m[1m^[22m[39m[
31m[1m^[22m[39m[31m[1m^[22m[39m[31m[1m^
[22m[39m[31m[1m^[22m[39m[31m[1m^[22m[39m
[31m[1m^[22m[39m[31m[1m^[22m[39m[31m[1m
^[22m[39m[31m[1m^[22m[39m[31m[1m^[22m[3
9m[31m[1m^[22m[39m[31m[1m^[22m[39m[31m[
1m^[22m[39m[31m[1m^[22m[39m[31m[1m^[22m
[39m[31m[1m^[22m[39m[31m[1m^[22m[39m[31m
[1m^[22m[39m[31m[1m^[22m[39m[31m[1m^[22
m[39m[31m[1m^[22m[39m[31m[1m^[22m[39m[3
1m[1m^[22m[39m[31m[1m^[22m[39m[31m[1m^[
22m[39m[31m[1m^[22m[39m[31m[1m^[22m[39m
[31m[1m^[22m[39m[31m[1m^[22m[39m[31m[1m^
[22m[39m[31m[1m^[22m[39m[31m[1m^[22m[39
m[31m[1m^[22m[39m[31m[1m^[22m[39m[31m[1
m^[22m[39m[31m[1m^[22m[39m[31m[1m^[22m[
39m[31m[1m^[22m[39m[31m[1m^[22m[39m[31m
[1m^[22m[39m[31m[1m^[22m[39m[31m[1m^[22m
[39m[31m[1m^[22m[39m[31m[1m^[22m[39m[31
m[1m^[22m[39m[31m[1m^[22m[39m[31m[1m^[2
2m[39m[31m[1m^[22m[39m[31m[1m^[22m[39m[
31m[1m^[22m[39m[31m[1m^[22m[39m
 [90m 6 |[39m [36mimport[39m styles 
[36mfrom[39m 
[32m"./BlogDetail.module.css"[39m[33m;[39m
 [90m 7 |[39m
 [90m 8 |[39m [36mexport[39m 
[36mdefault[39m [36mfunction[39m 
[33mBlogClient[39m({ initialBlog }) {[0m



Import trace:
  Server Component:
    ./src/app/dashboard/blogs/[id]/BlogClient.jsx
    ./src/app/dashboard/blogs/[id]/page.jsx

https://nextjs.org/docs/messages/module-not-found


./src/app/dashboard/materials/[id]/MaterialClient
.jsx:6:1
Module not found: Can't resolve 
'../../../lib/supabaseClient'
[0m [90m 4 |[39m [36mimport[39m { 
useEffect[33m,[39m useState } [36mfrom[39m 
[32m"react"[39m[33m;[39m
 [90m 5 |[39m [36mimport[39m { useRouter } 
[36mfrom[39m 
[32m"next/navigation"[39m[33m;[39m
[31m[1m>[22m[39m[90m 6 |[39m 
[36mimport[39m { supabase } [36mfrom[39m [32
m"../../../lib/supabaseClient"[39m[33m;[39m
 [90m   |[39m [31m[1m^[22m[39m[31m[1m^[2
2m[39m[31m[1m^[22m[39m[31m[1m^[22m[39m[
31m[1m^[22m[39m[31m[1m^[22m[39m[31m[1m^
[22m[39m[31m[1m^[22m[39m[31m[1m^[22m[39m
[31m[1m^[22m[39m[31m[1m^[22m[39m[31m[1m
^[22m[39m[31m[1m^[22m[39m[31m[1m^[22m[3
9m[31m[1m^[22m[39m[31m[1m^[22m[39m[31m[
1m^[22m[39m[31m[1m^[22m[39m[31m[1m^[22m
[39m[31m[1m^[22m[39m[31m[1m^[22m[39m[31m
[1m^[22m[39m[31m[1m^[22m[39m[31m[1m^[22
m[39m[31m[1m^[22m[39m[31m[1m^[22m[39m[3
1m[1m^[22m[39m[31m[1m^[22m[39m[31m[1m^[
22m[39m[31m[1m^[22m[39m[31m[1m^[22m[39m
[31m[1m^[22m[39m[31m[1m^[22m[39m[31m[1m^
[22m[39m[31m[1m^[22m[39m[31m[1m^[22m[39
m[31m[1m^[22m[39m[31m[1m^[22m[39m[31m[1
m^[22m[39m[31m[1m^[22m[39m[31m[1m^[22m[
39m[31m[1m^[22m[39m[31m[1m^[22m[39m[31m
[1m^[22m[39m[31m[1m^[22m[39m[31m[1m^[22m
[39m[31m[1m^[22m[39m[31m[1m^[22m[39m[31
m[1m^[22m[39m[31m[1m^[22m[39m[31m[1m^[2
2m[39m[31m[1m^[22m[39m[31m[1m^[22m[39m[
31m[1m^[22m[39m[31m[1m^[22m[39m
 [90m 7 |[39m [36mimport[39m styles 
[36mfrom[39m 
[32m"../../Dashboard.module.css"[39m[33m;[39m
 [90m 8 |[39m [36mimport[39m { motion } 
[36mfrom[39m 
[32m"framer-motion"[39m[33m;[39m
 [90m 9 |[39m [36mexport[39m 
[36mdefault[39m [36mfunction[39m 
[33mMaterialClient[39m(t0) {[0m



Import trace:
  Server Component:
    ./src/app/dashboard/materials/[id]/MaterialCl
ient.jsx
    ./src/app/dashboard/materials/[id]/page.jsx

https://nextjs.org/docs/messages/module-not-found


./src/app/dashboard/materials/[id]/MaterialClient
.jsx:4:1
Module not found: Can't resolve 
'../../../lib/supabaseClient'
[0m [90m 2 |[39m [36mimport[39m { 
useEffect[33m,[39m useState } [36mfrom[39m 
[32m"react"[39m[33m;[39m
 [90m 3 |[39m [36mimport[39m { useRouter } 
[36mfrom[39m 
[32m"next/navigation"[39m[33m;[39m
[31m[1m>[22m[39m[90m 4 |[39m 
[36mimport[39m { supabase } [36mfrom[39m [32
m"../../../lib/supabaseClient"[39m[33m;[39m
 [90m   |[39m [31m[1m^[22m[39m[31m[1m^[2
2m[39m[31m[1m^[22m[39m[31m[1m^[22m[39m[
31m[1m^[22m[39m[31m[1m^[22m[39m[31m[1m^
[22m[39m[31m[1m^[22m[39m[31m[1m^[22m[39m
[31m[1m^[22m[39m[31m[1m^[22m[39m[31m[1m
^[22m[39m[31m[1m^[22m[39m[31m[1m^[22m[3
9m[31m[1m^[22m[39m[31m[1m^[22m[39m[31m[
1m^[22m[39m[31m[1m^[22m[39m[31m[1m^[22m
[39m[31m[1m^[22m[39m[31m[1m^[22m[39m[31m
[1m^[22m[39m[31m[1m^[22m[39m[31m[1m^[22
m[39m[31m[1m^[22m[39m[31m[1m^[22m[39m[3
1m[1m^[22m[39m[31m[1m^[22m[39m[31m[1m^[
22m[39m[31m[1m^[22m[39m[31m[1m^[22m[39m
[31m[1m^[22m[39m[31m[1m^[22m[39m[31m[1m^
[22m[39m[31m[1m^[22m[39m[31m[1m^[22m[39
m[31m[1m^[22m[39m[31m[1m^[22m[39m[31m[1
m^[22m[39m[31m[1m^[22m[39m[31m[1m^[22m[
39m[31m[1m^[22m[39m[31m[1m^[22m[39m[31m
[1m^[22m[39m[31m[1m^[22m[39m[31m[1m^[22m
[39m[31m[1m^[22m[39m[31m[1m^[22m[39m[31
m[1m^[22m[39m[31m[1m^[22m[39m[31m[1m^[2
2m[39m[31m[1m^[22m[39m[31m[1m^[22m[39m[
31m[1m^[22m[39m[31m[1m^[22m[39m
 [90m 5 |[39m [36mimport[39m styles 
[36mfrom[39m 
[32m"../../Dashboard.module.css"[39m[33m;[39m
 [90m 6 |[39m [36mimport[39m { motion } 
[36mfrom[39m 
[32m"framer-motion"[39m[33m;[39m
 [90m 7 |[39m[0m



Import trace:
  Server Component:
    ./src/app/dashboard/materials/[id]/MaterialCl
ient.jsx
    ./src/app/dashboard/materials/[id]/page.jsx

https://nextjs.org/docs/messages/module-not-found


    at <unknown> (./src/app/dashboard/blogs/[id]/
BlogClient.jsx:7:1)
    at <unknown> (https://nextjs.org/docs/message
s/module-not-found)
    at <unknown> (./src/app/dashboard/blogs/[id]/
BlogClient.jsx:5:1)
    at <unknown> (https://nextjs.org/docs/message
s/module-not-found)
    at <unknown> (./src/app/dashboard/materials/[
id]/MaterialClient.jsx:6:1)
    at <unknown> (https://nextjs.org/docs/message
s/module-not-found)
    at <unknown> (./src/app/dashboard/materials/[
id]/MaterialClient.jsx:4:1)
    at <unknown> (https://nextjs.org/docs/message
s/module-not-found)
